
[2026-03-13 11:36:45] launch: /root/miniconda3/bin/python /root/autodl-tmp/project/scripts/build_toolcall_signed_circuit.py --bidirectional-summary /root/autodl-tmp/project/results/13-01-39-final-kl/bidirectional/bidirectional_summary.json --node-support-csv /root/autodl-tmp/project/results/13-01-39-final-kl/bidirectional/node_bidirectional_support.csv --edge-support-csv /root/autodl-tmp/project/results/13-01-39-final-kl/bidirectional/edge_bidirectional_support.csv --head-read-csv /root/autodl-tmp/project/results/13-01-39-final-kl/head_reads/per_head_read_mass.csv --output-root /root/autodl-tmp/project/results/13-01-39-final-kl/final_signed_circuit
{
  "groups": {
    "symmetric_backbone": [
      "L12H6",
      "L13H9",
      "MLP16",
      "L17H8",
      "MLP19",
      "L20H5",
      "L24H6",
      "MLP27"
    ],
    "tool_bias_backbone": [
      "MLP11",
      "L21H1",
      "L21H12",
      "L23H6"
    ],
    "no_tool_bias_backbone": [
      "MLP12",
      "L16H4",
      "L16H8",
      "MLP17"
    ],
    "tool_tail": [
      "L2H14",
      "L18H14",
      "MLP21",
      "L23H5"
    ],
    "no_tool_tail": [
      "L15H5",
      "L16H13",
      "L16H9",
      "L17H2"
    ]
  },
  "group_meta": {
    "symmetric_backbone": {
      "label": "Symmetric Backbone",
      "color": "#d7d7d7",
      "description": "shared reversible backbone and output-integrating writers"
    },
    "tool_bias_backbone": {
      "label": "Tool-Bias Backbone",
      "color": "#d88c4a",
      "description": "shared backbone nodes tilted toward the tool-call endpoint"
    },
    "no_tool_bias_backbone": {
      "label": "No-Tool-Bias Backbone",
      "color": "#4e87b5",
      "description": "shared backbone nodes tilted toward the no-tool endpoint"
    },
    "tool_tail": {
      "label": "Tool Tail",
      "color": "#e6b27a",
      "description": "tool-mode auxiliary tail outside the shared backbone"
    },
    "no_tool_tail": {
      "label": "No-Tool Tail",
      "color": "#8ab6d6",
      "description": "no-tool auxiliary tail outside the shared backbone"
    }
  },
  "n_nodes": 24,
  "n_edges": 64,
  "artifacts": {
    "nodes_csv": "/root/autodl-tmp/project/results/13-01-39-final-kl/final_signed_circuit/final_signed_nodes.csv",
    "edges_csv": "/root/autodl-tmp/project/results/13-01-39-final-kl/final_signed_circuit/final_signed_edges.csv",
    "summary_json": "/root/autodl-tmp/project/results/13-01-39-final-kl/final_signed_circuit/final_signed_circuit_summary.json",
    "figure_png": "/root/autodl-tmp/project/results/13-01-39-final-kl/final_signed_circuit/final_signed_circuit.png"
  }
}
[2026-03-13 11:36:47] exit_code=0
